=== phase2 clean-worktree reaudit ===
commit=ad267d87dad608e7556563c84b006ff8eadafaf9
python=Python 3.14.6
=== counterexample + tests + core ===
PYTHONPATH=. python3 scripts/reproduce_counterexample.py
{
  "independent_implementation": true,
  "legacy_free_initial_only_for_regression": true,
  "tree_count": 42,
  "static_pareto": [
    {
      "name": "A(B((C(DE))F))",
      "work": 220,
      "peak": 60
    },
    {
      "name": "(A(B(C(DE))))F",
      "work": 129,
      "peak": 64
    },
    {
      "name": "(AB)((C(DE))F)",
      "work": 128,
      "peak": 67
    }
  ],
  "all_states_optimum": "2325.6",
  "static_pareto_optimum": "2497.6",
  "relative_gap_exact": "21500/2907",
  "relative_gap_percent_exact_decimal": "7.3959408324733402132782937736498108015135878912969",
  "relative_gap_percent_legacy_display": "7.395940832473341",
  "all_states_path": [
    "A((B(C(DE)))F)",
    "A((B(C(DE)))F)",
    "A((B(C(DE)))F)",
    "(A(B(C(DE))))F",
    "(A(B(C(DE))))F",
    "(A(B(C(DE))))F",
    "(A(B(C(DE))))F",
    "(A(B(C(DE))))F",
    "(A(B(C(DE))))F",
    "(A(B(C(DE))))F",
    "(A(B(C(DE))))F",
    "A((B(C(DE)))F)"
  ]
}
PYTHONPATH=. python3 scripts/run_tests.py
PASS tests.test_counterexample.test_known_pcme_dynamic_counterexample_exactly
PASS tests.test_counterexample.test_new_oracle_charges_source_construction
PASS tests.test_residual_kernel.test_ce_tcmk_and_minimum_oracle_are_exact
PASS tests.test_residual_kernel.test_one_occurrence_context_rule_has_a_consecutive_stay_counterexample
PASS tests.test_residual_kernel.test_residual_search_matches_direct_word_enumeration
PASS tests.test_real_migration.test_certificates_and_continuous_real_updates
PASS tests.test_real_migration.test_real_model_ce_tcmk_certificate_through_horizon_four
PASS tests.test_real_migration.test_static_pareto_is_dynamically_incomplete_in_real_reuse_model
PASS tests.test_independent_oracles.test_evaluation_orders_are_explicit_and_legacy_merge_is_safe
PASS tests.test_independent_oracles.test_fast_integer_residual_search_matches_generic_oracle
PASS tests.test_independent_oracles.test_paired_residual_search_against_explicit_word_enumeration
tests=11 failures=0 seconds=1.586
PYTHONPATH=. python3 scripts/run_core_experiments.py
{
  "real_bridge": {
    "dims": [
      1,
      2,
      4,
      1,
      6,
      6
    ],
    "state_count": 14,
    "trace_updates": [
      0,
      4,
      4,
      2,
      4,
      2
    ],
    "full_cost": "594",
    "static_cost": "738",
    "full_path": [
      "(((AB)C)D)E",
      "(((AB)C)D)E",
      "((AB)C)(DE)",
      "((AB)C)(DE)",
      "((AB)C)(DE)",
      "((AB)C)(DE)"
    ],
    "static_path": [
      "((A(BC))D)E",
      "((A(BC))D)E",
      "((A(BC))D)E",
      "((A(BC))D)E",
      "((A(BC))D)E",
      "((A(BC))D)E"
    ],
    "static_states": [
      "((A(BC))D)E"
    ],
    "ce_iterations": [
      {
        "gap": "482",
        "trace": [
          0,
          2,
          2,
          2,
          2,
          2
        ],
        "missing": [
          "((AB)C)(DE)"
        ],
        "bridge_values": {
          "((AB)C)(DE)": "62"
        },
        "added": "((AB)C)(DE)"
      },
      {
        "gap": "158",
        "trace": [
          0,
          0,
          0,
          0,
          0,
          0
        ],
        "missing": [
          "(A(BC))(DE)"
        ],
        "bridge_values": {
          "(A(BC))(DE)": "136"
        },
        "added": "(A(BC))(DE)"
      },
      {
        "gap": "14",
        "trace": [
          0,
          2,
          3,
          4,
          3,
          2
        ],
        "missing": [
          "(((AB)C)D)E"
        ],
        "bridge_values": {
          "(((AB)C)D)E": "14"
        },
        "added": "(((AB)C)D)E"
      }
    ],
    "ce_equals_minimum_kernel": true,
    "pruning_comparison": {
      "static_pareto": {
        "size": 1,
        "states": [
          "((A(BC))D)E"
        ],
        "maximum_gap": "482",
        "equivalent": false,
        "reachable_residuals": [
          1,
          5,
          24,
          85,
          266,
          741
        ]
      },
      "service_anchor_pareto": {
        "size": 1,
        "states": [
          "((A(BC))D)E"
        ],
        "maximum_gap": "482",
        "equivalent": false,
        "reachable_residuals": [
          1,
          5,
          24,
          85,
          266,
          741
        ]
      },
      "safe_block_context": {
        "size": 14,
        "states": [
          "A(B(C(DE)))",
          "A(B((CD)E))",
          "A((BC)(DE))",
          "A((B(CD))E)",
          "A(((BC)D)E)",
          "(AB)(C(DE))",
          "(AB)((CD)E)",
          "(A(BC))(DE)",
          "((AB)C)(DE)",
          "(A(B(CD)))E",
          "(A((BC)D))E",
          "((AB)(CD))E",
          "((A(BC))D)E",
          "(((AB)C)D)E"
        ],
        "maximum_gap": "0",
        "equivalent": true,
        "reachable_residuals": [
          1,
          5,
          21,
          46,
          81,
          121
        ]
      },
      "ce_tcmk": {
        "size": 4,
        "states": [
          "(A(BC))(DE)",
          "((AB)C)(DE)",
          "((A(BC))D)E",
          "(((AB)C)D)E"
        ],
        "maximum_gap": "0",
        "equivalent": true,
        "reachable_residuals": [
          1,
          5,
          21,
          46,
          81,
          121
        ]
      },
      "minimum_kernel_oracle": {
        "size": 4,
        "states": [
          "(A(BC))(DE)",
          "((AB)C)(DE)",
          "((A(BC))D)E",
          "(((AB)C)D)E"
        ],
        "maximum_gap": "0",
        "equivalent": true,
        "reachable_residuals": [
          1,
          5,
          21,
          46,
          81,
          121
        ]
      }
    },
    "baselines_against_full_oracle": {
      "offline": {
        "cost": "594",
        "ratio": 1.0,
        "switches": 1
      },
      "fixed": {
        "cost": "613",
        "ratio": 1.031986531986532,
        "switches": 0
      },
      "instantaneous": {
        "cost": "1716",
        "ratio": 2.888888888888889,
        "switches": 0
      },
      "migration_greedy": {
        "cost": "627",
        "ratio": 1.0555555555555556,
        "switches": 0
      },
      "mcs": {
        "cost": "627",
        "ratio": 1.0555555555555556,
        "switches": 0
      },
      "wfa": null
    },
    "wfa_theoretical_status": "not_applicable_task_dependent_nonmetric_transition"
  },
  "continuous_execution": {
    "seed": 20260830,
    "updates": 1000,
    "versions": 1000,
    "reference_matches": 1000,
    "certificates_checked": 1000,
    "exact_plans": 1000,
    "total_work": 62788,
    "read_bytes": 394608,
    "write_bytes": 194744,
    "maximum_peak_memory": 312
  },
  "compression_family": {
    "seed": 8675309,
    "workload": "single persistent hotspot, all words through horizon 6",
    "rows": [
      {
        "matrix_count": 4,
        "dims": [
          4,
          2,
          5,
          6,
          5
        ],
        "full_states": 5,
        "static_states": 1,
        "tcmk_states": 1,
        "ratio": 0.2,
        "build_seconds": 0.0023489160230383277,
        "exact_equivalence": true
      },
      {
        "matrix_count": 5,
        "dims": [
          3,
          6,
          6,
          6,
          2,
          6
        ],
        "full_states": 14,
        "static_states": 1,
        "tcmk_states": 2,
        "ratio": 0.14285714285714285,
        "build_seconds": 0.03452079195994884,
        "exact_equivalence": true
      },
      {
        "matrix_count": 6,
        "dims": [
          6,
          3,
          1,
          1,
          4,
          6,
          3
        ],
        "full_states": 42,
        "static_states": 1,
        "tcmk_states": 2,
        "ratio": 0.047619047619047616,
        "build_seconds": 0.3070263749687001,
        "exact_equivalence": true
      },
      {
        "matrix_count": 7,
        "dims": [
          4,
          1,
          2,
          3,
          5,
          6,
          3,
          2
        ],
        "full_states": 132,
        "static_states": 1,
        "tcmk_states": 2,
        "ratio": 0.015151515151515152,
        "build_seconds": 3.178822082991246,
        "exact_equivalence": true
      },
      {
        "matrix_count": 8,
        "dims": [
          2,
          3,
          4,
          2,
          2,
          6,
          5,
          5,
          3
        ],
        "full_states": 429,
        "static_states": 1,
        "tcmk_states": 2,
        "ratio": 0.004662004662004662,
        "build_seconds": 35.78355483303312,
        "exact_equivalence": true
      }
    ],
    "meets_five_x_compression": true
  },
  "optimizer_speed": {
    "dims": [
      4,
      1,
      2,
      3,
      5,
      6,
      3,
      2
    ],
    "full_states": 132,
    "kernel_states": 2,
    "queries": 5,
    "query_horizon": 50,
    "full_seconds": 13.602884082996752,
    "kernel_build_seconds": 3.1735947080305777,
    "kernel_total_seconds_including_build": 3.1768032500403933,
    "speedup_including_build": 4.281940999280893,
    "meets_two_x": true
  },
  "wall_seconds": 71.50742345798062
}
=== scale ===
PYTHONPATH=. python3 scripts/run_scale_experiments.py
{
  "scope_warning": "Large-scale rows are relative to a bounded local-rewrite candidate graph, not the full Catalan architecture universe. Heuristic migration rows are upper bounds and are not exact-oracle evidence.",
  "rows": [
    {
      "matrix_count": 16,
      "candidate_states": 128,
      "candidate_generation": "bounded_local_associative_rewrite_graph",
      "static_states": 1,
      "candidate_kernel_states": 1,
      "candidate_space_equivalent_through_horizon_6": true,
      "transition_cost_status": "exact",
      "enumeration_seconds": 0.026565290987491608,
      "kernel_seconds": 5.4929717920022085,
      "seed": 640032016,
      "dims": [
        6,
        5,
        2,
        5,
        3,
        7,
        7,
        3,
        5,
        6,
        2,
        7,
        1,
        7,
        3,
        3,
        7
      ]
    },
    {
      "matrix_count": 32,
      "candidate_states": 128,
      "candidate_generation": "bounded_local_associative_rewrite_graph",
      "static_states": 1,
      "candidate_kernel_states": 2,
      "candidate_space_equivalent_through_horizon_6": true,
      "transition_cost_status": "heuristic_upper_bound",
      "enumeration_seconds": 0.2288330000010319,
      "kernel_seconds": 5.796899874985684,
      "seed": 640032016,
      "dims": [
        6,
        4,
        1,
        3,
        8,
        8,
        5,
        3,
        1,
        1,
        5,
        1,
        7,
        5,
        6,
        3,
        2,
        3,
        6,
        6,
        2,
        5,
        4,
        6,
        4,
        2,
        7,
        5,
        7,
        6,
        3,
        6,
        2
      ]
    },
    {
      "matrix_count": 64,
      "candidate_states": 128,
      "candidate_generation": "bounded_local_associative_rewrite_graph",
      "static_states": 3,
      "candidate_kernel_states": 2,
      "candidate_space_equivalent_through_horizon_6": true,
      "transition_cost_status": "heuristic_upper_bound",
      "enumeration_seconds": 2.815796250011772,
      "kernel_seconds": 13.10008512501372,
      "seed": 640032016,
      "dims": [
        5,
        2,
        5,
        6,
        2,
        1,
        8,
        4,
        6,
        8,
        3,
        1,
        5,
        8,
        1,
        5,
        7,
        7,
        6,
        5,
        2,
        5,
        1,
        1,
        1,
        3,
        5,
        3,
        6,
        2,
        8,
        4,
        6,
        4,
        3,
        4,
        8,
        2,
        6,
        7,
        1,
        4,
        8,
        8,
        8,
        1,
        5,
        6,
        4,
        8,
        1,
        7,
        1,
        1,
        7,
        2,
        7,
        7,
        7,
        6,
        4,
        2,
        8,
        5,
        8
      ]
    }
  ]
}
=== exhaustive ===
PYTHONPATH=. python3 scripts/run_small_exhaustive.py --min-n 2 --max-n 4 --workers 8
checked=100 failures=0 elapsed=0.1s
checked=200 failures=0 elapsed=0.1s
checked=300 failures=0 elapsed=0.2s
checked=400 failures=0 elapsed=0.7s
checked=500 failures=0 elapsed=1.5s
checked=600 failures=0 elapsed=2.2s
checked=700 failures=0 elapsed=2.8s
checked=800 failures=0 elapsed=3.5s
checked=900 failures=0 elapsed=4.1s
checked=1000 failures=0 elapsed=4.6s
checked=1100 failures=0 elapsed=5.2s
checked=1200 failures=0 elapsed=5.6s
checked=1300 failures=0 elapsed=6.1s
{
  "domain": {
    "model": "legacy split-distance regression model",
    "matrix_count": [
      2,
      4
    ],
    "dimension_values": [
      1,
      2,
      3,
      4
    ],
    "all_catalan_trees": true,
    "all_distinct_tree_peak_budgets": true,
    "horizons": [
      1,
      6
    ],
    "arithmetic": "fractions.Fraction",
    "initial_state": "explicit empty-split source with charged construction"
  },
  "instances": 1344,
  "failures": 0,
  "dynamic_equivalence_rate": 1.0,
  "reachable_residual_states_checked": 49316,
  "minimum_kernel_instances": 1344,
  "full_state_histogram": {
    "1": 64,
    "2": 256,
    "5": 1024
  },
  "kernel_size_histogram": {
    "1": 1282,
    "2": 62
  },
  "first_nontrivial_instances": [],
  "wall_seconds": 6.343073999974877,
  "scope_warning": "This exhaustive grid validates the exact TCMK machinery but uses the legacy split-distance model; final empirical claims use real_migration.py."
}
PYTHONPATH=. python3 scripts/run_small_exhaustive.py --min-n 5 --max-n 5 --workers 8
checked=100 failures=0 elapsed=5.8s
checked=200 failures=0 elapsed=14.4s
checked=300 failures=0 elapsed=24.0s
checked=400 failures=0 elapsed=34.8s
checked=500 failures=0 elapsed=49.0s
checked=600 failures=0 elapsed=62.5s
checked=700 failures=0 elapsed=75.7s
checked=800 failures=0 elapsed=89.6s
checked=900 failures=0 elapsed=105.2s
checked=1000 failures=0 elapsed=118.6s
checked=1100 failures=0 elapsed=125.2s
checked=1200 failures=0 elapsed=136.1s
checked=1300 failures=0 elapsed=145.8s
checked=1400 failures=0 elapsed=150.7s
checked=1500 failures=0 elapsed=160.1s
checked=1600 failures=0 elapsed=168.8s
checked=1700 failures=0 elapsed=180.2s
checked=1800 failures=0 elapsed=193.4s
checked=1900 failures=0 elapsed=203.9s
checked=2000 failures=0 elapsed=217.7s
checked=2100 failures=0 elapsed=223.9s
checked=2200 failures=0 elapsed=232.7s
checked=2300 failures=0 elapsed=244.0s
checked=2400 failures=0 elapsed=251.4s
checked=2500 failures=0 elapsed=262.4s
checked=2600 failures=0 elapsed=271.0s
checked=2700 failures=0 elapsed=277.5s
checked=2800 failures=0 elapsed=285.9s
checked=2900 failures=0 elapsed=292.8s
checked=3000 failures=0 elapsed=304.7s
checked=3100 failures=0 elapsed=313.2s
checked=3200 failures=0 elapsed=319.1s
checked=3300 failures=0 elapsed=328.9s
checked=3400 failures=0 elapsed=334.3s
checked=3500 failures=0 elapsed=342.6s
checked=3600 failures=0 elapsed=351.4s
checked=3700 failures=0 elapsed=360.1s
checked=3800 failures=0 elapsed=369.9s
checked=3900 failures=0 elapsed=375.3s
checked=4000 failures=0 elapsed=381.3s
{
  "domain": {
    "model": "legacy split-distance regression model",
    "matrix_count": [
      5,
      5
    ],
    "dimension_values": [
      1,
      2,
      3,
      4
    ],
    "all_catalan_trees": true,
    "all_distinct_tree_peak_budgets": true,
    "horizons": [
      1,
      6
    ],
    "arithmetic": "fractions.Fraction",
    "initial_state": "explicit empty-split source with charged construction"
  },
  "instances": 4096,
  "failures": 0,
  "dynamic_equivalence_rate": 1.0,
  "reachable_residual_states_checked": 424804,
  "minimum_kernel_instances": 0,
  "full_state_histogram": {
    "14": 4096
  },
  "kernel_size_histogram": {
    "1": 3744,
    "2": 350,
    "3": 2
  },
  "first_nontrivial_instances": [],
  "wall_seconds": 387.259935375012,
  "scope_warning": "This exhaustive grid validates the exact TCMK machinery but uses the legacy split-distance model; final empirical claims use real_migration.py."
}
PYTHONPATH=. python3 scripts/run_real_small_exhaustive.py --max-n 5 --workers 8
instances=100 failures=0 elapsed=0.1s
instances=200 failures=0 elapsed=0.1s
instances=300 failures=0 elapsed=0.1s
instances=400 failures=0 elapsed=0.3s
instances=500 failures=0 elapsed=0.6s
instances=600 failures=0 elapsed=0.8s
instances=700 failures=0 elapsed=1.0s
instances=800 failures=0 elapsed=1.2s
instances=900 failures=0 elapsed=1.4s
instances=1000 failures=0 elapsed=1.7s
instances=1100 failures=0 elapsed=1.9s
instances=1200 failures=0 elapsed=2.1s
instances=1300 failures=0 elapsed=2.3s
instances=1400 failures=0 elapsed=7.2s
instances=1500 failures=0 elapsed=20.0s
instances=1600 failures=0 elapsed=31.2s
instances=1700 failures=0 elapsed=36.8s
instances=1800 failures=0 elapsed=47.9s
instances=1900 failures=0 elapsed=56.9s
instances=2000 failures=0 elapsed=61.9s
instances=2100 failures=0 elapsed=71.4s
instances=2200 failures=0 elapsed=76.1s
instances=2300 failures=0 elapsed=81.5s
instances=2400 failures=0 elapsed=89.5s
instances=2500 failures=0 elapsed=94.5s
instances=2600 failures=0 elapsed=98.0s
instances=2700 failures=0 elapsed=101.2s
instances=2800 failures=0 elapsed=115.6s
instances=2900 failures=0 elapsed=126.8s
instances=3000 failures=0 elapsed=133.1s
instances=3100 failures=0 elapsed=144.8s
instances=3200 failures=0 elapsed=153.7s
instances=3300 failures=0 elapsed=160.8s
instances=3400 failures=0 elapsed=172.6s
instances=3500 failures=0 elapsed=178.5s
instances=3600 failures=0 elapsed=181.7s
instances=3700 failures=0 elapsed=185.4s
instances=3800 failures=0 elapsed=195.0s
instances=3900 failures=0 elapsed=205.5s
instances=4000 failures=0 elapsed=210.5s
instances=4100 failures=0 elapsed=220.3s
instances=4200 failures=0 elapsed=230.8s
instances=4300 failures=0 elapsed=235.9s
instances=4400 failures=0 elapsed=249.2s
instances=4500 failures=0 elapsed=256.7s
instances=4600 failures=0 elapsed=260.4s
instances=4700 failures=0 elapsed=264.1s
instances=4800 failures=0 elapsed=270.7s
instances=4900 failures=0 elapsed=276.6s
instances=5000 failures=0 elapsed=280.0s
instances=5100 failures=0 elapsed=289.8s
instances=5200 failures=0 elapsed=300.7s
instances=5300 failures=0 elapsed=305.4s
instances=5400 failures=0 elapsed=314.9s
{
  "domain": {
    "model": "exact fully-materialized real matrix reuse",
    "matrix_count": [
      2,
      5
    ],
    "dimension_values": [
      1,
      2,
      3,
      4
    ],
    "all_catalan_trees": true,
    "dynamic_task_alphabet": "every update index at nonbinding memory budget",
    "dynamic_horizons": [
      1,
      6
    ],
    "budget_validation": "every distinct exact migration peak threshold",
    "initial_state": "charged virtual source"
  },
  "instances": 5440,
  "failures": 0,
  "reachable_residual_states_checked": 2279080,
  "budget_feasibility_checks": 38585476,
  "kernel_size_histogram": {
    "1": 367,
    "2": 1108,
    "3": 859,
    "4": 809,
    "5": 966,
    "7": 430,
    "6": 221,
    "8": 101,
    "11": 47,
    "9": 164,
    "14": 126,
    "13": 75,
    "10": 75,
    "12": 92
  },
  "first_nontrivial_instances": [
    {
      "dims": [
        1,
        1,
        1,
        1
      ],
      "states": 2,
      "static": 1,
      "kernel": 2,
      "iterations": 1,
      "equivalent": true,
      "residuals": 16,
      "distinct_peak_budgets": 1,
      "budget_feasibility_checks": 18
    },
    {
      "dims": [
        1,
        1,
        1,
        2
      ],
      "states": 2,
      "static": 1,
      "kernel": 2,
      "iterations": 1,
      "equivalent": true,
      "residuals": 32,
      "distinct_peak_budgets": 2,
      "budget_feasibility_checks": 36
    },
    {
      "dims": [
        1,
        1,
        1,
        3
      ],
      "states": 2,
      "static": 1,
      "kernel": 2,
      "iterations": 1,
      "equivalent": true,
      "residuals": 26,
      "distinct_peak_budgets": 2,
      "budget_feasibility_checks": 36
    },
    {
      "dims": [
        1,
        1,
        2,
        1
      ],
      "states": 2,
      "static": 1,
      "kernel": 2,
      "iterations": 1,
      "equivalent": true,
      "residuals": 34,
      "distinct_peak_budgets": 2,
      "budget_feasibility_checks": 36
    },
    {
      "dims": [
        1,
        1,
        2,
        2
      ],
      "states": 2,
      "static": 1,
      "kernel": 2,
      "iterations": 1,
      "equivalent": true,
      "residuals": 25,
      "distinct_peak_budgets": 1,
      "budget_feasibility_checks": 18
    },
    {
      "dims": [
        1,
        1,
        3,
        1
      ],
      "states": 2,
      "static": 1,
      "kernel": 2,
      "iterations": 1,
      "equivalent": true,
      "residuals": 26,
      "distinct_peak_budgets": 2,
      "budget_feasibility_checks": 36
    },
    {
      "dims": [
        1,
        1,
        3,
        2
      ],
      "states": 2,
      "static": 1,
      "kernel": 2,
      "iterations": 1,
      "equivalent": true,
      "residuals": 36,
      "distinct_peak_budgets": 2,
      "budget_feasibility_checks": 36
    },
    {
      "dims": [
        1,
        1,
        4,
        2
      ],
      "states": 2,
      "static": 1,
      "kernel": 2,
      "iterations": 1,
      "equivalent": true,
      "residuals": 34,
      "distinct_peak_budgets": 2,
      "budget_feasibility_checks": 36
    },
    {
      "dims": [
        1,
        1,
        2,
        3
      ],
      "states": 2,
      "static": 1,
      "kernel": 2,
      "iterations": 1,
      "equivalent": true,
      "residuals": 37,
      "distinct_peak_budgets": 2,
      "budget_feasibility_checks": 36
    },
    {
      "dims": [
        1,
        1,
        2,
        4
      ],
      "states": 2,
      "static": 1,
      "kernel": 2,
      "iterations": 1,
      "equivalent": true,
      "residuals": 47,
      "distinct_peak_budgets": 2,
      "budget_feasibility_checks": 36
    },
    {
      "dims": [
        1,
        2,
        1,
        1
      ],
      "states": 2,
      "static": 1,
      "kernel": 2,
      "iterations": 1,
      "equivalent": true,
      "residuals": 34,
      "distinct_peak_budgets": 2,
      "budget_feasibility_checks": 36
    },
    {
      "dims": [
        1,
        1,
        4,
        3
      ],
      "states": 2,
      "static": 1,
      "kernel": 2,
      "iterations": 1,
      "equivalent": true,
      "residuals": 36,
      "distinct_peak_budgets": 2,
      "budget_feasibility_checks": 36
    },
    {
      "dims": [
        1,
        1,
        4,
        4
      ],
      "states": 2,
      "static": 1,
      "kernel": 2,
      "iterations": 1,
      "equivalent": true,
      "residuals": 20,
      "distinct_peak_budgets": 1,
      "budget_feasibility_checks": 18
    },
    {
      "dims": [
        1,
        1,
        3,
        3
      ],
      "states": 2,
      "static": 1,
      "kernel": 2,
      "iterations": 1,
      "equivalent": true,
      "residuals": 20,
      "distinct_peak_budgets": 1,
      "budget_feasibility_checks": 18
    },
    {
      "dims": [
        1,
        1,
        3,
        4
      ],
      "states": 2,
      "static": 1,
      "kernel": 2,
      "iterations": 1,
      "equivalent": true,
      "residuals": 31,
      "distinct_peak_budgets": 2,
      "budget_feasibility_checks": 36
    },
    {
      "dims": [
        1,
        2,
        2,
        1
      ],
      "states": 2,
      "static": 1,
      "kernel": 2,
      "iterations": 1,
      "equivalent": true,
      "residuals": 16,
      "distinct_peak_budgets": 1,
      "budget_feasibility_checks": 18
    },
    {
      "dims": [
        1,
        2,
        2,
        2
      ],
      "states": 2,
      "static": 1,
      "kernel": 2,
      "iterations": 1,
      "equivalent": true,
      "residuals": 35,
      "distinct_peak_budgets": 2,
      "budget_feasibility_checks": 36
    },
    {
      "dims": [
        1,
        2,
        2,
        3
      ],
      "states": 2,
      "static": 1,
      "kernel": 2,
      "iterations": 1,
      "equivalent": true,
      "residuals": 30,
      "distinct_peak_budgets": 2,
      "budget_feasibility_checks": 36
    },
    {
      "dims": [
        1,
        3,
        1,
        1
      ],
      "states": 2,
      "static": 1,
      "kernel": 2,
      "iterations": 1,
      "equivalent": true,
      "residuals": 26,
      "distinct_peak_budgets": 2,
      "budget_feasibility_checks": 36
    },
    {
      "dims": [
        1,
        2,
        4,
        1
      ],
      "states": 2,
      "static": 1,
      "kernel": 2,
      "iterations": 1,
      "equivalent": true,
      "residuals": 39,
      "distinct_peak_budgets": 2,
      "budget_feasibility_checks": 36
    },
    {
      "dims": [
        1,
        2,
        4,
        2
      ],
      "states": 2,
      "static": 1,
      "kernel": 2,
      "iterations": 1,
      "equivalent": true,
      "residuals": 30,
      "distinct_peak_budgets": 1,
      "budget_feasibility_checks": 18
    },
    {
      "dims": [
        1,
        2,
        3,
        3
      ],
      "states": 2,
      "static": 1,
      "kernel": 2,
      "iterations": 1,
      "equivalent": true,
      "residuals": 50,
      "distinct_peak_budgets": 2,
      "budget_feasibility_checks": 36
    },
    {
      "dims": [
        1,
        2,
        3,
        4
      ],
      "states": 2,
      "static": 1,
      "kernel": 2,
      "iterations": 1,
      "equivalent": true,
      "residuals": 44,
      "distinct_peak_budgets": 2,
      "budget_feasibility_checks": 36
    },
    {
      "dims": [
        1,
        3,
        3,
        1
      ],
      "states": 2,
      "static": 1,
      "kernel": 2,
      "iterations": 1,
      "equivalent": true,
      "residuals": 16,
      "distinct_peak_budgets": 1,
      "budget_feasibility_checks": 18
    },
    {
      "dims": [
        1,
        3,
        3,
        2
      ],
      "states": 2,
      "static": 1,
      "kernel": 2,
      "iterations": 1,
      "equivalent": true,
      "residuals": 33,
      "distinct_peak_budgets": 2,
      "budget_feasibility_checks": 36
    },
    {
      "dims": [
        1,
        3,
        2,
        1
      ],
      "states": 2,
      "static": 1,
      "kernel": 2,
      "iterations": 1,
      "equivalent": true,
      "residuals": 45,
      "distinct_peak_budgets": 2,
      "budget_feasibility_checks": 36
    },
    {
      "dims": [
        1,
        3,
        2,
        2
      ],
      "states": 2,
      "static": 1,
      "kernel": 2,
      "iterations": 1,
      "equivalent": true,
      "residuals": 31,
      "distinct_peak_budgets": 2,
      "budget_feasibility_checks": 36
    },
    {
      "dims": [
        1,
        3,
        3,
        3
      ],
      "states": 2,
      "static": 1,
      "kernel": 2,
      "iterations": 1,
      "equivalent": true,
      "residuals": 31,
      "distinct_peak_budgets": 2,
      "budget_feasibility_checks": 36
    },
    {
      "dims": [
        1,
        3,
        3,
        4
      ],
      "states": 2,
      "static": 1,
      "kernel": 2,
      "iterations": 1,
      "equivalent": true,
      "residuals": 28,
      "distinct_peak_budgets": 2,
      "budget_feasibility_checks": 36
    },
    {
      "dims": [
        1,
        2,
        3,
        1
      ],
      "states": 2,
      "static": 1,
      "kernel": 2,
      "iterations": 1,
      "equivalent": true,
      "residuals": 45,
      "distinct_peak_budgets": 2,
      "budget_feasibility_checks": 36
    },
    {
      "dims": [
        1,
        2,
        3,
        2
      ],
      "states": 2,
      "static": 1,
      "kernel": 2,
      "iterations": 1,
      "equivalent": true,
      "residuals": 47,
      "distinct_peak_budgets": 2,
      "budget_feasibility_checks": 36
    },
    {
      "dims": [
        1,
        2,
        4,
        3
      ],
      "states": 2,
      "static": 1,
      "kernel": 2,
      "iterations": 1,
      "equivalent": true,
      "residuals": 47,
      "distinct_peak_budgets": 2,
      "budget_feasibility_checks": 36
    },
    {
      "dims": [
        1,
        2,
        4,
        4
      ],
      "states": 2,
      "static": 1,
      "kernel": 2,
      "iterations": 1,
      "equivalent": true,
      "residuals": 46,
      "distinct_peak_budgets": 2,
      "budget_feasibility_checks": 36
    },
    {
      "dims": [
        1,
        4,
        3,
        3
      ],
      "states": 2,
      "static": 1,
      "kernel": 2,
      "iterations": 1,
      "equivalent": true,
      "residuals": 28,
      "distinct_peak_budgets": 2,
      "budget_feasibility_checks": 36
    },
    {
      "dims": [
        1,
        3,
        4,
        1
      ],
      "states": 2,
      "static": 1,
      "kernel": 2,
      "iterations": 1,
      "equivalent": true,
      "residuals": 46,
      "distinct_peak_budgets": 2,
      "budget_feasibility_checks": 36
    },
    {
      "dims": [
        1,
        3,
        4,
        2
      ],
      "states": 2,
      "static": 1,
      "kernel": 2,
      "iterations": 1,
      "equivalent": true,
      "residuals": 50,
      "distinct_peak_budgets": 2,
      "budget_feasibility_checks": 36
    },
    {
      "dims": [
        1,
        3,
        4,
        3
      ],
      "states": 2,
      "static": 1,
      "kernel": 2,
      "iterations": 1,
      "equivalent": true,
      "residuals": 46,
      "distinct_peak_budgets": 2,
      "budget_feasibility_checks": 36
    },
    {
      "dims": [
        1,
        3,
        4,
        4
      ],
      "states": 2,
      "static": 1,
      "kernel": 2,
      "iterations": 1,
      "equivalent": true,
      "residuals": 45,
      "distinct_peak_budgets": 2,
      "budget_feasibility_checks": 36
    },
    {
      "dims": [
        1,
        4,
        2,
        1
      ],
      "states": 2,
      "static": 1,
      "kernel": 2,
      "iterations": 1,
      "equivalent": true,
      "residuals": 39,
      "distinct_peak_budgets": 2,
      "budget_feasibility_checks": 36
    },
    {
      "dims": [
        1,
        4,
        4,
        1
      ],
      "states": 2,
      "static": 1,
      "kernel": 2,
      "iterations": 1,
      "equivalent": true,
      "residuals": 16,
      "distinct_peak_budgets": 1,
      "budget_feasibility_checks": 18
    },
    {
      "dims": [
        1,
        4,
        4,
        2
      ],
      "states": 2,
      "static": 1,
      "kernel": 2,
      "iterations": 1,
      "equivalent": true,
      "residuals": 34,
      "distinct_peak_budgets": 2,
      "budget_feasibility_checks": 36
    },
    {
      "dims": [
        2,
        1,
        1,
        1
      ],
      "states": 2,
      "static": 1,
      "kernel": 2,
      "iterations": 1,
      "equivalent": true,
      "residuals": 32,
      "distinct_peak_budgets": 2,
      "budget_feasibility_checks": 36
    },
    {
      "dims": [
        2,
        1,
        1,
        2
      ],
      "states": 2,
      "static": 1,
      "kernel": 2,
      "iterations": 1,
      "equivalent": true,
      "residuals": 16,
      "distinct_peak_budgets": 1,
      "budget_feasibility_checks": 18
    },
    {
      "dims": [
        1,
        4,
        4,
        3
      ],
      "states": 2,
      "static": 1,
      "kernel": 2,
      "iterations": 1,
      "equivalent": true,
      "residuals": 32,
      "distinct_peak_budgets": 2,
      "budget_feasibility_checks": 36
    },
    {
      "dims": [
        1,
        4,
        4,
        4
      ],
      "states": 2,
      "static": 1,
      "kernel": 2,
      "iterations": 1,
      "equivalent": true,
      "residuals": 28,
      "distinct_peak_budgets": 2,
      "budget_feasibility_checks": 36
    },
    {
      "dims": [
        1,
        4,
        3,
        1
      ],
      "states": 2,
      "static": 1,
      "kernel": 2,
      "iterations": 1,
      "equivalent": true,
      "residuals": 46,
      "distinct_peak_budgets": 2,
      "budget_feasibility_checks": 36
    },
    {
      "dims": [
        1,
        4,
        3,
        2
      ],
      "states": 2,
      "static": 1,
      "kernel": 2,
      "iterations": 1,
      "equivalent": true,
      "residuals": 38,
      "distinct_peak_budgets": 2,
      "budget_feasibility_checks": 36
    },
    {
      "dims": [
        2,
        1,
        2,
        3
      ],
      "states": 2,
      "static": 1,
      "kernel": 2,
      "iterations": 1,
      "equivalent": true,
      "residuals": 34,
      "distinct_peak_budgets": 2,
      "budget_feasibility_checks": 36
    },
    {
      "dims": [
        2,
        1,
        2,
        4
      ],
      "states": 2,
      "static": 1,
      "kernel": 2,
      "iterations": 1,
      "equivalent": true,
      "residuals": 27,
      "distinct_peak_budgets": 1,
      "budget_feasibility_checks": 18
    },
    {
      "dims": [
        2,
        1,
        1,
        3
      ],
      "states": 2,
      "static": 1,
      "kernel": 2,
      "iterations": 1,
      "equivalent": true,
      "residuals": 34,
      "distinct_peak_budgets": 2,
      "budget_feasibility_checks": 36
    },
    {
      "dims": [
        2,
        1,
        1,
        4
      ],
      "states": 2,
      "static": 1,
      "kernel": 2,
      "iterations": 1,
      "equivalent": true,
      "residuals": 32,
      "distinct_peak_budgets": 2,
      "budget_feasibility_checks": 36
    },
    {
      "dims": [
        2,
        2,
        1,
        1
      ],
      "states": 2,
      "static": 1,
      "kernel": 2,
      "iterations": 1,
      "equivalent": true,
      "residuals": 25,
      "distinct_peak_budgets": 1,
      "budget_feasibility_checks": 18
    },
    {
      "dims": [
        2,
        2,
        4,
        2
      ],
      "states": 2,
      "static": 1,
      "kernel": 2,
      "iterations": 1,
      "equivalent": true,
      "residuals": 34,
      "distinct_peak_budgets": 2,
      "budget_feasibility_checks": 36
    },
    {
      "dims": [
        2,
        2,
        2,
        1
      ],
      "states": 2,
      "static": 1,
      "kernel": 2,
      "iterations": 1,
      "equivalent": true,
      "residuals": 35,
      "distinct_peak_budgets": 2,
      "budget_feasibility_checks": 36
    },
    {
      "dims": [
        2,
        2,
        2,
        2
      ],
      "states": 2,
      "static": 1,
      "kernel": 2,
      "iterations": 1,
      "equivalent": true,
      "residuals": 16,
      "distinct_peak_budgets": 1,
      "budget_feasibility_checks": 18
    },
    {
      "dims": [
        2,
        2,
        3,
        1
      ],
      "states": 2,
      "static": 1,
      "kernel": 2,
      "iterations": 1,
      "equivalent": true,
      "residuals": 31,
      "distinct_peak_budgets": 2,
      "budget_feasibility_checks": 36
    },
    {
      "dims": [
        2,
        2,
        3,
        2
      ],
      "states": 2,
      "static": 1,
      "kernel": 2,
      "iterations": 1,
      "equivalent": true,
      "residuals": 39,
      "distinct_peak_budgets": 2,
      "budget_feasibility_checks": 36
    },
    {
      "dims": [
        2,
        3,
        1,
        1
      ],
      "states": 2,
      "static": 1,
      "kernel": 2,
      "iterations": 1,
      "equivalent": true,
      "residuals": 36,
      "distinct_peak_budgets": 2,
      "budget_feasibility_checks": 36
    },
    {
      "dims": [
        2,
        2,
        2,
        3
      ],
      "states": 2,
      "static": 1,
      "kernel": 2,
      "iterations": 1,
      "equivalent": true,
      "residuals": 40,
      "distinct_peak_budgets": 2,
      "budget_feasibility_checks": 36
    },
    {
      "dims": [
        2,
        2,
        2,
        4
      ],
      "states": 2,
      "static": 1,
      "kernel": 2,
      "iterations": 1,
      "equivalent": true,
      "residuals": 35,
      "distinct_peak_budgets": 2,
      "budget_feasibility_checks": 36
    },
    {
      "dims": [
        2,
        2,
        3,
        3
      ],
      "states": 2,
      "static": 1,
      "kernel": 2,
      "iterations": 1,
      "equivalent": true,
      "residuals": 26,
      "distinct_peak_budgets": 1,
      "budget_feasibility_checks": 18
    },
    {
      "dims": [
        2,
        2,
        3,
        4
      ],
      "states": 2,
      "static": 1,
      "kernel": 2,
      "iterations": 1,
      "equivalent": true,
      "residuals": 37,
      "distinct_peak_budgets": 2,
      "budget_feasibility_checks": 36
    },
    {
      "dims": [
        2,
        3,
        2,
        3
      ],
      "states": 2,
      "static": 1,
      "kernel": 2,
      "iterations": 1,
      "equivalent": true,
      "residuals": 31,
      "distinct_peak_budgets": 2,
      "budget_feasibility_checks": 36
    },
    {
      "dims": [
        2,
        2,
        4,
        3
      ],
      "states": 2,
      "static": 1,
      "kernel": 2,
      "iterations": 1,
      "equivalent": true,
      "residuals": 39,
      "distinct_peak_budgets": 2,
      "budget_feasibility_checks": 36
    },
    {
      "dims": [
        2,
        2,
        4,
        4
      ],
      "states": 2,
      "static": 1,
      "kernel": 2,
      "iterations": 1,
      "equivalent": true,
      "residuals": 25,
      "distinct_peak_budgets": 1,
      "budget_feasibility_checks": 18
    },
    {
      "dims": [
        2,
        4,
        1,
        1
      ],
      "states": 2,
      "static": 1,
      "kernel": 2,
      "iterations": 1,
      "equivalent": true,
      "residuals": 34,
      "distinct_peak_budgets": 2,
      "budget_feasibility_checks": 36
    },
    {
      "dims": [
        2,
        3,
        3,
        3
      ],
      "states": 2,
      "static": 1,
      "kernel": 2,
      "iterations": 1,
      "equivalent": true,
      "residuals": 40,
      "distinct_peak_budgets": 2,
      "budget_feasibility_checks": 36
    },
    {
      "dims": [
        2,
        3,
        3,
        4
      ],
      "states": 2,
      "static": 1,
      "kernel": 2,
      "iterations": 1,
      "equivalent": true,
      "residuals": 37,
      "distinct_peak_budgets": 2,
      "budget_feasibility_checks": 36
    },
    {
      "dims": [
        2,
        3,
        3,
        1
      ],
      "states": 2,
      "static": 1,
      "kernel": 2,
      "iterations": 1,
      "equivalent": true,
      "residuals": 33,
      "distinct_peak_budgets": 2,
      "budget_feasibility_checks": 36
    },
    {
      "dims": [
        2,
        3,
        3,
        2
      ],
      "states": 2,
      "static": 1,
      "kernel": 2,
      "iterations": 1,
      "equivalent": true,
      "residuals": 16,
      "distinct_peak_budgets": 1,
      "budget_feasibility_checks": 18
    },
    {
      "dims": [
        2,
        3,
        2,
        1
      ],
      "states": 2,
      "static": 1,
      "kernel": 2,
      "iterations": 1,
      "equivalent": true,
      "residuals": 47,
      "distinct_peak_budgets": 2,
      "budget_feasibility_checks": 36
    },
    {
      "dims": [
        2,
        3,
        2,
        2
      ],
      "states": 2,
      "static": 1,
      "kernel": 2,
      "iterations": 1,
      "equivalent": true,
      "residuals": 39,
      "distinct_peak_budgets": 2,
      "budget_feasibility_checks": 36
    },
    {
      "dims": [
        2,
        3,
        4,
        1
      ],
      "states": 2,
      "static": 1,
      "kernel": 2,
      "iterations": 1,
      "equivalent": true,
      "residuals": 38,
      "distinct_peak_budgets": 2,
      "budget_feasibility_checks": 36
    },
    {
      "dims": [
        2,
        3,
        4,
        2
      ],
      "states": 2,
      "static": 1,
      "kernel": 2,
      "iterations": 1,
      "equivalent": true,
      "residuals": 45,
      "distinct_peak_budgets": 2,
      "budget_feasibility_checks": 36
    },
    {
      "dims": [
        2,
        3,
        4,
        3
      ],
      "states": 2,
      "static": 1,
      "kernel": 2,
      "iterations": 1,
      "equivalent": true,
      "residuals": 37,
      "distinct_peak_budgets": 2,
      "budget_feasibility_checks": 36
    },
    {
      "dims": [
        2,
        3,
        4,
        4
      ],
      "states": 2,
      "static": 1,
      "kernel": 2,
      "iterations": 1,
      "equivalent": true,
      "residuals": 50,
      "distinct_peak_budgets": 2,
      "budget_feasibility_checks": 36
    },
    {
      "dims": [
        2,
        4,
        2,
        1
      ],
      "states": 2,
      "static": 1,
      "kernel": 2,
      "iterations": 1,
      "equivalent": true,
      "residuals": 30,
      "distinct_peak_budgets": 1,
      "budget_feasibility_checks": 18
    },
    {
      "dims": [
        2,
        4,
        2,
        2
      ],
      "states": 2,
      "static": 1,
      "kernel": 2,
      "iterations": 1,
      "equivalent": true,
      "residuals": 34,
      "distinct_peak_budgets": 2,
      "budget_feasibility_checks": 36
    },
    {
      "dims": [
        2,
        4,
        4,
        1
      ],
      "states": 2,
      "static": 1,
      "kernel": 2,
      "iterations": 1,
      "equivalent": true,
      "residuals": 34,
      "distinct_peak_budgets": 2,
      "budget_feasibility_checks": 36
    },
    {
      "dims": [
        2,
        4,
        4,
        2
      ],
      "states": 2,
      "static": 1,
      "kernel": 2,
      "iterations": 1,
      "equivalent": true,
      "residuals": 16,
      "distinct_peak_budgets": 1,
      "budget_feasibility_checks": 18
    },
    {
      "dims": [
        2,
        4,
        3,
        3
      ],
      "states": 2,
      "static": 1,
      "kernel": 2,
      "iterations": 1,
      "equivalent": true,
      "residuals": 40,
      "distinct_peak_budgets": 2,
      "budget_feasibility_checks": 36
    },
    {
      "dims": [
        2,
        4,
        3,
        4
      ],
      "states": 2,
      "static": 1,
      "kernel": 2,
      "iterations": 1,
      "equivalent": true,
      "residuals": 31,
      "distinct_peak_budgets": 2,
      "budget_feasibility_checks": 36
    },
    {
      "dims": [
        2,
        4,
        3,
        1
      ],
      "states": 2,
      "static": 1,
      "kernel": 2,
      "iterations": 1,
      "equivalent": true,
      "residuals": 50,
      "distinct_peak_budgets": 2,
      "budget_feasibility_checks": 36
    },
    {
      "dims": [
        2,
        4,
        3,
        2
      ],
      "states": 2,
      "static": 1,
      "kernel": 2,
      "iterations": 1,
      "equivalent": true,
      "residuals": 45,
      "distinct_peak_budgets": 2,
      "budget_feasibility_checks": 36
    },
    {
      "dims": [
        3,
        1,
        1,
        1
      ],
      "states": 2,
      "static": 1,
      "kernel": 2,
      "iterations": 1,
      "equivalent": true,
      "residuals": 26,
      "distinct_peak_budgets": 2,
      "budget_feasibility_checks": 36
    },
    {
      "dims": [
        3,
        1,
        1,
        2
      ],
      "states": 2,
      "static": 1,
      "kernel": 2,
      "iterations": 1,
      "equivalent": true,
      "residuals": 34,
      "distinct_peak_budgets": 2,
      "budget_feasibility_checks": 36
    },
    {
      "dims": [
        2,
        4,
        4,
        3
      ],
      "states": 2,
      "static": 1,
      "kernel": 2,
      "iterations": 1,
      "equivalent": true,
      "residuals": 40,
      "distinct_peak_budgets": 2,
      "budget_feasibility_checks": 36
    },
    {
      "dims": [
        2,
        4,
        4,
        4
      ],
      "states": 2,
      "static": 1,
      "kernel": 2,
      "iterations": 1,
      "equivalent": true,
      "residuals": 35,
      "distinct_peak_budgets": 2,
      "budget_feasibility_checks": 36
    },
    {
      "dims": [
        3,
        1,
        1,
        3
      ],
      "states": 2,
      "static": 1,
      "kernel": 2,
      "iterations": 1,
      "equivalent": true,
      "residuals": 16,
      "distinct_peak_budgets": 1,
      "budget_feasibility_checks": 18
    },
    {
      "dims": [
        3,
        1,
        1,
        4
      ],
      "states": 2,
      "static": 1,
      "kernel": 2,
      "iterations": 1,
      "equivalent": true,
      "residuals": 40,
      "distinct_peak_budgets": 2,
      "budget_feasibility_checks": 36
    },
    {
      "dims": [
        3,
        2,
        3,
        2
      ],
      "states": 2,
      "static": 1,
      "kernel": 2,
      "iterations": 1,
      "equivalent": true,
      "residuals": 31,
      "distinct_peak_budgets": 2,
      "budget_feasibility_checks": 36
    },
    {
      "dims": [
        3,
        2,
        2,
        1
      ],
      "states": 2,
      "static": 1,
      "kernel": 2,
      "iterations": 1,
      "equivalent": true,
      "residuals": 30,
      "distinct_peak_budgets": 2,
      "budget_feasibility_checks": 36
    },
    {
      "dims": [
        3,
        2,
        2,
        2
      ],
      "states": 2,
      "static": 1,
      "kernel": 2,
      "iterations": 1,
      "equivalent": true,
      "residuals": 40,
      "distinct_peak_budgets": 2,
      "budget_feasibility_checks": 36
    },
    {
      "dims": [
        3,
        3,
        1,
        1
      ],
      "states": 2,
      "static": 1,
      "kernel": 2,
      "iterations": 1,
      "equivalent": true,
      "residuals": 20,
      "distinct_peak_budgets": 1,
      "budget_feasibility_checks": 18
    },
    {
      "dims": [
        3,
        2,
        1,
        1
      ],
      "states": 2,
      "static": 1,
      "kernel": 2,
      "iterations": 1,
      "equivalent": true,
      "residuals": 37,
      "distinct_peak_budgets": 2,
      "budget_feasibility_checks": 36
    },
    {
      "dims": [
        3,
        2,
        1,
        2
      ],
      "states": 2,
      "static": 1,
      "kernel": 2,
      "iterations": 1,
      "equivalent": true,
      "residuals": 34,
      "distinct_peak_budgets": 2,
      "budget_feasibility_checks": 36
    },
    {
      "dims": [
        3,
        2,
        4,
        3
      ],
      "states": 2,
      "static": 1,
      "kernel": 2,
      "iterations": 1,
      "equivalent": true,
      "residuals": 31,
      "distinct_peak_budgets": 2,
      "budget_feasibility_checks": 36
    },
    {
      "dims": [
        3,
        2,
        4,
        4
      ],
      "states": 2,
      "static": 1,
      "kernel": 2,
      "iterations": 1,
      "equivalent": true,
      "residuals": 34,
      "distinct_peak_budgets": 2,
      "budget_feasibility_checks": 36
    },
    {
      "dims": [
        3,
        2,
        2,
        3
      ],
      "states": 2,
      "static": 1,
      "kernel": 2,
      "iterations": 1,
      "equivalent": true,
      "residuals": 16,
      "distinct_peak_budgets": 1,
      "budget_feasibility_checks": 18
    },
    {
      "dims": [
        3,
        2,
        2,
        4
      ],
      "states": 2,
      "static": 1,
      "kernel": 2,
      "iterations": 1,
      "equivalent": true,
      "residuals": 39,
      "distinct_peak_budgets": 2,
      "budget_feasibility_checks": 36
    }
  ],
  "wall_seconds": 324.205807833001,
  "scope_warning": "All peak budgets are exhaustively checked as edge-feasibility thresholds. The Horizon-6 dynamic alphabet uses update indices with a nonbinding budget; it does not cross-product every budget threshold into every task word."
}
=== extended validation ===
instances=500 checks=50000 failures=0 elapsed=0.9s
instances=1000 checks=100000 failures=0 elapsed=1.9s
instances=1500 checks=150000 failures=0 elapsed=2.8s
instances=2000 checks=200000 failures=0 elapsed=3.7s
instances=2500 checks=250000 failures=0 elapsed=4.7s
instances=3000 checks=300000 failures=0 elapsed=5.6s
instances=3500 checks=350000 failures=0 elapsed=6.5s
instances=4000 checks=400000 failures=0 elapsed=7.5s
instances=4500 checks=450000 failures=0 elapsed=8.4s
instances=5000 checks=500000 failures=0 elapsed=9.3s
instances=5500 checks=550000 failures=0 elapsed=10.2s
instances=6000 checks=600000 failures=0 elapsed=11.1s
instances=6500 checks=650000 failures=0 elapsed=12.0s
instances=7000 checks=700000 failures=0 elapsed=13.0s
instances=7500 checks=750000 failures=0 elapsed=13.9s
instances=8000 checks=800000 failures=0 elapsed=14.8s
instances=8500 checks=850000 failures=0 elapsed=15.8s
instances=9000 checks=900000 failures=0 elapsed=16.7s
instances=9500 checks=950000 failures=0 elapsed=17.6s
instances=10000 checks=1000000 failures=0 elapsed=18.5s
{
  "master_seed": 104372539623472,
  "instances": 10000,
  "matrix_count_range": [
    6,
    10
  ],
  "dimension_values": [
    1,
    2,
    3,
    4,
    5,
    6,
    7,
    8
  ],
  "candidate_states_per_instance": 5,
  "candidate_generation": "local associative rewrite graph",
  "transition_model": "exact fully-materialized real reuse accounting",
  "horizon": 6,
  "task_alphabet_size": 2,
  "equivalence_checks": 1000000,
  "failures": 0,
  "kernel_size_histogram": {
    "1": 4458,
    "2": 3974,
    "3": 1354,
    "4": 209,
    "5": 5
  },
  "workload_counts": {
    "phase_switch": 10000,
    "hotspot": 10000,
    "periodic": 10000,
    "adversarial_switch": 10000,
    "random_hotspot": 960000
  },
  "wall_seconds": 18.52929195802426,
  "scope_warning": "These n=6..10 checks are exact relative to each explicit five-state local-rewrite candidate graph. They are not full-Catalan oracle claims."
}
=== machine audit ===
PYTHONPATH=. python3 scripts/audit_results.py
completion audit: PASS
